2026-06-02 14:09:09,719 [INFO] Starting
2026-06-02 14:09:09,719 [INFO] Initializing camera
2026-06-02 14:09:09,719 [DEBUG] Starting camera test - powering down camera
2026-06-02 14:09:09,826 [DEBUG] Using buffer 1
2026-06-02 14:09:12,936 [DEBUG] Setting camera params
2026-06-02 14:09:13,252 [DEBUG] Powering up camera
2026-06-02 14:09:28,481 [INFO] Picture 0
2026-06-02 14:09:30,591 [DEBUG] Transferring buffer contents
2026-06-02 14:09:30,911 [INFO] FPGA Temp = 43C Camera_Temp = 23.021714285714285C
2026-06-02 14:10:30,955 [INFO] Picture 0
2026-06-02 14:10:33,065 [DEBUG] Transferring buffer contents
2026-06-02 14:10:33,382 [INFO] FPGA Temp = 39C Camera_Temp = 24.54552380952381C
2026-06-02 14:11:33,394 [INFO] Picture 0
2026-06-02 14:11:35,504 [DEBUG] Transferring buffer contents
2026-06-02 14:11:35,822 [INFO] FPGA Temp = 42C Camera_Temp = 25.307428571428574C
2026-06-02 14:12:35,882 [INFO] Picture 0
2026-06-02 14:12:37,992 [DEBUG] Transferring buffer contents
2026-06-02 14:12:38,310 [INFO] FPGA Temp = 43C Camera_Temp = 26.069333333333333C
2026-06-02 14:13:38,370 [INFO] Picture 0
2026-06-02 14:13:40,478 [DEBUG] Transferring buffer contents
2026-06-02 14:13:40,794 [INFO] FPGA Temp = 42C Camera_Temp = 26.831238095238096C
2026-06-02 14:14:40,827 [INFO] Picture 0
2026-06-02 14:14:42,936 [DEBUG] Transferring buffer contents
2026-06-02 14:14:43,253 [INFO] FPGA Temp = 44C Camera_Temp = 27.59314285714286C
2026-06-02 14:15:43,314 [INFO] Picture 0
2026-06-02 14:15:45,423 [DEBUG] Transferring buffer contents
2026-06-02 14:15:45,742 [INFO] FPGA Temp = 43C Camera_Temp = 27.59314285714286C
2026-06-02 14:16:45,802 [INFO] Picture 0
2026-06-02 14:16:47,911 [DEBUG] Transferring buffer contents
2026-06-02 14:16:48,230 [INFO] FPGA Temp = 43C Camera_Temp = 27.59314285714286C
2026-06-02 14:17:48,264 [INFO] Picture 0
2026-06-02 14:17:50,371 [DEBUG] Transferring buffer contents
2026-06-02 14:17:50,688 [INFO] FPGA Temp = 43C Camera_Temp = 27.59314285714286C
2026-06-02 14:18:50,748 [INFO] Picture 0
2026-06-02 14:18:52,856 [DEBUG] Transferring buffer contents
2026-06-02 14:18:53,173 [INFO] FPGA Temp = 43C Camera_Temp = 28.35504761904762C
2026-06-02 14:19:53,216 [INFO] Picture 0
2026-06-02 14:19:55,324 [DEBUG] Transferring buffer contents
2026-06-02 14:19:55,641 [INFO] FPGA Temp = 43C Camera_Temp = 28.35504761904762C
2026-06-02 14:20:55,672 [INFO] Picture 0
2026-06-02 14:20:57,781 [DEBUG] Transferring buffer contents
2026-06-02 14:20:58,099 [INFO] FPGA Temp = 43C Camera_Temp = 28.35504761904762C
2026-06-02 14:21:58,160 [INFO] Picture 0
2026-06-02 14:22:00,270 [DEBUG] Transferring buffer contents
2026-06-02 14:22:00,589 [INFO] FPGA Temp = 46C Camera_Temp = 28.35504761904762C
2026-06-02 14:23:00,649 [INFO] Picture 0
2026-06-02 14:23:02,759 [DEBUG] Transferring buffer contents
2026-06-02 14:23:03,078 [INFO] FPGA Temp = 43C Camera_Temp = 28.35504761904762C
2026-06-02 14:24:03,118 [INFO] Picture 0
2026-06-02 14:24:05,227 [DEBUG] Transferring buffer contents
2026-06-02 14:24:05,545 [INFO] FPGA Temp = 43C Camera_Temp = 28.35504761904762C
2026-06-02 14:25:05,605 [INFO] Picture 0
2026-06-02 14:25:07,714 [DEBUG] Transferring buffer contents
2026-06-02 14:25:08,032 [INFO] FPGA Temp = 43C Camera_Temp = 28.35504761904762C
2026-06-02 14:26:08,042 [INFO] Picture 0
2026-06-02 14:26:10,151 [DEBUG] Transferring buffer contents
2026-06-02 14:26:10,468 [INFO] FPGA Temp = 44C Camera_Temp = 28.35504761904762C
2026-06-02 14:27:10,478 [INFO] Picture 0
2026-06-02 14:27:12,587 [DEBUG] Transferring buffer contents
2026-06-02 14:27:12,904 [INFO] FPGA Temp = 44C Camera_Temp = 29.11695238095238C
2026-06-02 14:28:12,961 [INFO] Picture 0
2026-06-02 14:28:15,069 [DEBUG] Transferring buffer contents
2026-06-02 14:28:15,386 [INFO] FPGA Temp = 43C Camera_Temp = 28.35504761904762C
2026-06-02 14:29:15,398 [INFO] Picture 0
2026-06-02 14:29:17,508 [DEBUG] Transferring buffer contents
2026-06-02 14:29:17,824 [INFO] FPGA Temp = 42C Camera_Temp = 28.35504761904762C
