2026-06-02 16:06:11,754 [INFO] Starting
2026-06-02 16:06:11,754 [INFO] Initializing camera
2026-06-02 16:06:11,860 [DEBUG] Starting camera test - powering down camera
2026-06-02 16:06:11,966 [DEBUG] Using buffer 1
2026-06-02 16:06:15,077 [DEBUG] Setting camera params
2026-06-02 16:06:15,397 [DEBUG] Powering up camera
2026-06-02 16:06:32,727 [DEBUG] Transferring buffer contents
2026-06-02 16:06:32,834 [INFO] Picture: 0
2026-06-02 16:06:33,047 [INFO] FPGA Temp = 39C Camera_Temp = 23.021714285714285C
2026-06-02 16:07:33,107 [INFO] Picture: 1
2026-06-02 16:07:33,322 [INFO] FPGA Temp = 42C Camera_Temp = 30.640761904761906C
2026-06-02 16:08:33,383 [INFO] Picture: 2
2026-06-02 16:08:33,597 [INFO] FPGA Temp = 43C Camera_Temp = 32.926476190476194C
2026-06-02 16:09:33,612 [INFO] Picture: 3
2026-06-02 16:09:33,827 [INFO] FPGA Temp = 42C Camera_Temp = 34.45028571428571C
2026-06-02 16:10:33,854 [INFO] Picture: 4
2026-06-02 16:10:34,067 [INFO] FPGA Temp = 44C Camera_Temp = 35.21219047619048C
2026-06-02 16:11:34,073 [INFO] Picture: 5
2026-06-02 16:11:34,286 [INFO] FPGA Temp = 42C Camera_Temp = 36.736000000000004C
2026-06-02 16:12:34,335 [INFO] Picture: 6
2026-06-02 16:12:34,548 [INFO] FPGA Temp = 45C Camera_Temp = 37.49790476190476C
2026-06-02 16:13:34,609 [INFO] Picture: 7
2026-06-02 16:13:34,822 [INFO] FPGA Temp = 40C Camera_Temp = 37.49790476190476C
2026-06-02 16:14:34,856 [INFO] Picture: 8
2026-06-02 16:14:35,066 [INFO] FPGA Temp = 43C Camera_Temp = 38.25980952380952C
2026-06-02 16:15:35,075 [INFO] Picture: 9
2026-06-02 16:15:35,288 [INFO] FPGA Temp = 44C Camera_Temp = 38.25980952380952C
2026-06-02 16:16:35,349 [INFO] Picture: 10
2026-06-02 16:16:35,562 [INFO] FPGA Temp = 44C Camera_Temp = 38.25980952380952C
2026-06-02 16:17:35,622 [INFO] Picture: 11
2026-06-02 16:17:35,835 [INFO] FPGA Temp = 43C Camera_Temp = 39.02171428571429C
2026-06-02 16:18:35,856 [INFO] Picture: 12
2026-06-02 16:18:36,068 [INFO] FPGA Temp = 43C Camera_Temp = 39.02171428571429C
2026-06-02 16:19:36,093 [INFO] Picture: 13
2026-06-02 16:19:36,307 [INFO] FPGA Temp = 43C Camera_Temp = 39.02171428571429C
2026-06-02 16:20:36,367 [INFO] Picture: 14
2026-06-02 16:20:36,578 [INFO] FPGA Temp = 43C Camera_Temp = 39.78361904761905C
