2026-06-02 16:52:44,910 [INFO] Starting
2026-06-02 16:52:44,910 [INFO] Initializing camera
2026-06-02 16:52:45,016 [DEBUG] Starting camera test - powering down camera
2026-06-02 16:52:45,122 [DEBUG] Using buffer 1
2026-06-02 16:52:48,232 [DEBUG] Setting camera params
2026-06-02 16:52:48,552 [DEBUG] Powering up camera
2026-06-02 16:53:05,883 [DEBUG] Transferring buffer contents
2026-06-02 16:53:05,991 [INFO] Picture: 0
2026-06-02 16:53:06,204 [INFO] FPGA Temp = 44C Camera_Temp = 38.25980952380952C
2026-06-02 16:54:06,264 [INFO] Picture: 1
2026-06-02 16:54:06,480 [INFO] FPGA Temp = 43C Camera_Temp = 39.78361904761905C
2026-06-02 16:55:06,494 [INFO] Picture: 2
2026-06-02 16:55:06,708 [INFO] FPGA Temp = 42C Camera_Temp = 40.54552380952381C
2026-06-02 16:56:06,768 [INFO] Picture: 3
2026-06-02 16:56:06,982 [INFO] FPGA Temp = 41C Camera_Temp = 40.54552380952381C
2026-06-02 16:57:07,002 [INFO] Picture: 4
2026-06-02 16:57:07,217 [INFO] FPGA Temp = 45C Camera_Temp = 40.54552380952381C
2026-06-02 16:58:07,272 [INFO] Picture: 5
2026-06-02 16:58:07,486 [INFO] FPGA Temp = 43C Camera_Temp = 40.54552380952381C
2026-06-02 16:59:07,519 [INFO] Picture: 6
2026-06-02 16:59:07,733 [INFO] FPGA Temp = 44C Camera_Temp = 40.54552380952381C
2026-06-02 17:00:07,760 [INFO] Picture: 7
2026-06-02 17:00:07,971 [INFO] FPGA Temp = 43C Camera_Temp = 40.54552380952381C
2026-06-02 17:01:08,030 [INFO] Picture: 8
2026-06-02 17:01:08,241 [INFO] FPGA Temp = 46C Camera_Temp = 40.54552380952381C
2026-06-02 17:02:08,301 [INFO] Picture: 9
2026-06-02 17:02:08,513 [INFO] FPGA Temp = 43C Camera_Temp = 40.54552380952381C
2026-06-02 17:03:08,520 [INFO] Picture: 10
2026-06-02 17:03:08,731 [INFO] FPGA Temp = 43C Camera_Temp = 40.54552380952381C
2026-06-02 17:04:08,756 [INFO] Picture: 11
2026-06-02 17:04:08,970 [INFO] FPGA Temp = 45C Camera_Temp = 40.54552380952381C
